### YamlMime:JavaMember
uid: "com.azure.resourcemanager.eventgrid.models.PersistedConnectionStatus.APPROVED*"
fullName: "com.azure.resourcemanager.eventgrid.models.PersistedConnectionStatus.APPROVED"
name: "APPROVED"
nameWithType: "PersistedConnectionStatus.APPROVED"
members:
- uid: "com.azure.resourcemanager.eventgrid.models.PersistedConnectionStatus.APPROVED"
  fullName: "com.azure.resourcemanager.eventgrid.models.PersistedConnectionStatus.APPROVED"
  name: "APPROVED"
  nameWithType: "PersistedConnectionStatus.APPROVED"
  summary: "Static value Approved for PersistedConnectionStatus."
  syntax: "public static final PersistedConnectionStatus APPROVED"
type: "field"
metadata: {}
package: "com.azure.resourcemanager.eventgrid.models"
artifact: com.azure.resourcemanager:azure-resourcemanager-eventgrid:1.0.0-beta.1
