### YamlMime:JavaMember
uid: "com.azure.resourcemanager.appconfiguration.models.ConnectionStatus.APPROVED*"
fullName: "com.azure.resourcemanager.appconfiguration.models.ConnectionStatus.APPROVED"
name: "APPROVED"
nameWithType: "ConnectionStatus.APPROVED"
members:
- uid: "com.azure.resourcemanager.appconfiguration.models.ConnectionStatus.APPROVED"
  fullName: "com.azure.resourcemanager.appconfiguration.models.ConnectionStatus.APPROVED"
  name: "APPROVED"
  nameWithType: "ConnectionStatus.APPROVED"
  summary: "Static value Approved for ConnectionStatus."
  syntax: "public static final ConnectionStatus APPROVED"
type: "field"
metadata: {}
package: "com.azure.resourcemanager.appconfiguration.models"
artifact: com.azure.resourcemanager:azure-resourcemanager-appconfiguration:1.0.0-beta.1
