### YamlMime:JavaMember
uid: "com.azure.resourcemanager.desktopvirtualization.models.PrivateEndpointServiceConnectionStatus.APPROVED*"
fullName: "com.azure.resourcemanager.desktopvirtualization.models.PrivateEndpointServiceConnectionStatus.APPROVED"
name: "APPROVED"
nameWithType: "PrivateEndpointServiceConnectionStatus.APPROVED"
members:
- uid: "com.azure.resourcemanager.desktopvirtualization.models.PrivateEndpointServiceConnectionStatus.APPROVED"
  fullName: "com.azure.resourcemanager.desktopvirtualization.models.PrivateEndpointServiceConnectionStatus.APPROVED"
  name: "APPROVED"
  nameWithType: "PrivateEndpointServiceConnectionStatus.APPROVED"
  summary: "Static value Approved for PrivateEndpointServiceConnectionStatus."
  syntax: "public static final PrivateEndpointServiceConnectionStatus APPROVED"
type: "field"
metadata: {}
package: "com.azure.resourcemanager.desktopvirtualization.models"
artifact: com.azure.resourcemanager:azure-resourcemanager-desktopvirtualization:1.0.0-beta.1
