### YamlMime:JavaMember
uid: "com.azure.resourcemanager.peering.models.ValidationState.APPROVED*"
fullName: "com.azure.resourcemanager.peering.models.ValidationState.APPROVED"
name: "APPROVED"
nameWithType: "ValidationState.APPROVED"
members:
- uid: "com.azure.resourcemanager.peering.models.ValidationState.APPROVED"
  fullName: "com.azure.resourcemanager.peering.models.ValidationState.APPROVED"
  name: "APPROVED"
  nameWithType: "ValidationState.APPROVED"
  summary: "Static value Approved for ValidationState."
  syntax: "public static final ValidationState APPROVED"
type: "field"
metadata: {}
package: "com.azure.resourcemanager.peering.models"
artifact: com.azure.resourcemanager:azure-resourcemanager-peering:1.0.0-beta.1
