### YamlMime:JavaMember
uid: "com.azure.resourcemanager.digitaltwins.models.ConnectionPropertiesProvisioningState.APPROVED*"
fullName: "com.azure.resourcemanager.digitaltwins.models.ConnectionPropertiesProvisioningState.APPROVED"
name: "APPROVED"
nameWithType: "ConnectionPropertiesProvisioningState.APPROVED"
members:
- uid: "com.azure.resourcemanager.digitaltwins.models.ConnectionPropertiesProvisioningState.APPROVED"
  fullName: "com.azure.resourcemanager.digitaltwins.models.ConnectionPropertiesProvisioningState.APPROVED"
  name: "APPROVED"
  nameWithType: "ConnectionPropertiesProvisioningState.APPROVED"
  summary: "Static value Approved for ConnectionPropertiesProvisioningState."
  syntax: "public static final ConnectionPropertiesProvisioningState APPROVED"
type: "field"
metadata: {}
package: "com.azure.resourcemanager.digitaltwins.models"
artifact: com.azure.resourcemanager:azure-resourcemanager-digitaltwins:1.0.0-beta.1
