### YamlMime:JavaMember
uid: "com.azure.resourcemanager.signalr.models.PrivateLinkServiceConnectionStatus.APPROVED*"
fullName: "com.azure.resourcemanager.signalr.models.PrivateLinkServiceConnectionStatus.APPROVED"
name: "APPROVED"
nameWithType: "PrivateLinkServiceConnectionStatus.APPROVED"
members:
- uid: "com.azure.resourcemanager.signalr.models.PrivateLinkServiceConnectionStatus.APPROVED"
  fullName: "com.azure.resourcemanager.signalr.models.PrivateLinkServiceConnectionStatus.APPROVED"
  name: "APPROVED"
  nameWithType: "PrivateLinkServiceConnectionStatus.APPROVED"
  summary: "Static value Approved for PrivateLinkServiceConnectionStatus."
  syntax: "public static final PrivateLinkServiceConnectionStatus APPROVED"
type: "field"
metadata: {}
package: "com.azure.resourcemanager.signalr.models"
artifact: com.azure.resourcemanager:azure-resourcemanager-signalr:1.0.0-beta.1
