### YamlMime:JavaMember
uid: "com.azure.resourcemanager.signalr.models.SharedPrivateLinkResourceStatus.APPROVED*"
fullName: "com.azure.resourcemanager.signalr.models.SharedPrivateLinkResourceStatus.APPROVED"
name: "APPROVED"
nameWithType: "SharedPrivateLinkResourceStatus.APPROVED"
members:
- uid: "com.azure.resourcemanager.signalr.models.SharedPrivateLinkResourceStatus.APPROVED"
  fullName: "com.azure.resourcemanager.signalr.models.SharedPrivateLinkResourceStatus.APPROVED"
  name: "APPROVED"
  nameWithType: "SharedPrivateLinkResourceStatus.APPROVED"
  summary: "Static value Approved for SharedPrivateLinkResourceStatus."
  syntax: "public static final SharedPrivateLinkResourceStatus APPROVED"
type: "field"
metadata: {}
package: "com.azure.resourcemanager.signalr.models"
artifact: com.azure.resourcemanager:azure-resourcemanager-signalr:1.0.0-beta.1
