### YamlMime:JavaMember
uid: "com.azure.resourcemanager.securityinsights.models.IncidentClassificationReason.SUSPICIOUS_BUT_EXPECTED*"
fullName: "com.azure.resourcemanager.securityinsights.models.IncidentClassificationReason.SUSPICIOUS_BUT_EXPECTED"
name: "SUSPICIOUS_BUT_EXPECTED"
nameWithType: "IncidentClassificationReason.SUSPICIOUS_BUT_EXPECTED"
members:
- uid: "com.azure.resourcemanager.securityinsights.models.IncidentClassificationReason.SUSPICIOUS_BUT_EXPECTED"
  fullName: "com.azure.resourcemanager.securityinsights.models.IncidentClassificationReason.SUSPICIOUS_BUT_EXPECTED"
  name: "SUSPICIOUS_BUT_EXPECTED"
  nameWithType: "IncidentClassificationReason.SUSPICIOUS_BUT_EXPECTED"
  summary: "Static value SuspiciousButExpected for IncidentClassificationReason."
  syntax: "public static final IncidentClassificationReason SUSPICIOUS_BUT_EXPECTED"
type: "field"
metadata: {}
package: "com.azure.resourcemanager.securityinsights.models"
artifact: com.azure.resourcemanager:azure-resourcemanager-securityinsights:1.0.0-beta.1
