### YamlMime:JavaMember
uid: "com.azure.resourcemanager.recoveryservicesbackup.models.PrivateEndpointConnectionStatus.APPROVED*"
fullName: "com.azure.resourcemanager.recoveryservicesbackup.models.PrivateEndpointConnectionStatus.APPROVED"
name: "APPROVED"
nameWithType: "PrivateEndpointConnectionStatus.APPROVED"
members:
- uid: "com.azure.resourcemanager.recoveryservicesbackup.models.PrivateEndpointConnectionStatus.APPROVED"
  fullName: "com.azure.resourcemanager.recoveryservicesbackup.models.PrivateEndpointConnectionStatus.APPROVED"
  name: "APPROVED"
  nameWithType: "PrivateEndpointConnectionStatus.APPROVED"
  summary: "Static value Approved for PrivateEndpointConnectionStatus."
  syntax: "public static final PrivateEndpointConnectionStatus APPROVED"
type: "field"
metadata: {}
package: "com.azure.resourcemanager.recoveryservicesbackup.models"
artifact: com.azure.resourcemanager:azure-resourcemanager-recoveryservicesbackup:1.0.0-beta.2
