### YamlMime:JavaMember
uid: "com.azure.resourcemanager.peering.models.ConnectionState.APPROVED*"
fullName: "com.azure.resourcemanager.peering.models.ConnectionState.APPROVED"
name: "APPROVED"
nameWithType: "ConnectionState.APPROVED"
members:
- uid: "com.azure.resourcemanager.peering.models.ConnectionState.APPROVED"
  fullName: "com.azure.resourcemanager.peering.models.ConnectionState.APPROVED"
  name: "APPROVED"
  nameWithType: "ConnectionState.APPROVED"
  summary: "Static value Approved for ConnectionState."
  syntax: "public static final ConnectionState APPROVED"
type: "field"
metadata: {}
package: "com.azure.resourcemanager.peering.models"
artifact: com.azure.resourcemanager:azure-resourcemanager-peering:1.0.0-beta.1
