### YamlMime:JavaMember
uid: "com.azure.resourcemanager.frontdoor.models.PrivateEndpointStatus.APPROVED*"
fullName: "com.azure.resourcemanager.frontdoor.models.PrivateEndpointStatus.APPROVED"
name: "APPROVED"
nameWithType: "PrivateEndpointStatus.APPROVED"
members:
- uid: "com.azure.resourcemanager.frontdoor.models.PrivateEndpointStatus.APPROVED"
  fullName: "com.azure.resourcemanager.frontdoor.models.PrivateEndpointStatus.APPROVED"
  name: "APPROVED"
  nameWithType: "PrivateEndpointStatus.APPROVED"
  summary: "Static value Approved for PrivateEndpointStatus."
  syntax: "public static final PrivateEndpointStatus APPROVED"
type: "field"
metadata: {}
package: "com.azure.resourcemanager.frontdoor.models"
artifact: com.azure.resourcemanager:azure-resourcemanager-frontdoor:1.0.0-beta.1
