### YamlMime:JavaMember
uid: "com.azure.resourcemanager.eventhubs.models.PrivateLinkConnectionStatus.APPROVED*"
fullName: "com.azure.resourcemanager.eventhubs.models.PrivateLinkConnectionStatus.APPROVED"
name: "APPROVED"
nameWithType: "PrivateLinkConnectionStatus.APPROVED"
members:
- uid: "com.azure.resourcemanager.eventhubs.models.PrivateLinkConnectionStatus.APPROVED"
  fullName: "com.azure.resourcemanager.eventhubs.models.PrivateLinkConnectionStatus.APPROVED"
  name: "APPROVED"
  nameWithType: "PrivateLinkConnectionStatus.APPROVED"
  summary: "Static value Approved for PrivateLinkConnectionStatus."
  syntax: "public static final PrivateLinkConnectionStatus APPROVED"
type: "field"
metadata: {}
package: "com.azure.resourcemanager.eventhubs.models"
artifact: com.azure.resourcemanager:azure-resourcemanager-eventhubs:2.13.0
