### YamlMime:JavaMember
uid: "com.azure.resourcemanager.containerregistry.models.ConnectionStatus.APPROVED*"
fullName: "com.azure.resourcemanager.containerregistry.models.ConnectionStatus.APPROVED"
name: "APPROVED"
nameWithType: "ConnectionStatus.APPROVED"
members:
- uid: "com.azure.resourcemanager.containerregistry.models.ConnectionStatus.APPROVED"
  fullName: "com.azure.resourcemanager.containerregistry.models.ConnectionStatus.APPROVED"
  name: "APPROVED"
  nameWithType: "ConnectionStatus.APPROVED"
  summary: "Static value Approved for ConnectionStatus."
  syntax: "public static final ConnectionStatus APPROVED"
type: "field"
metadata: {}
package: "com.azure.resourcemanager.containerregistry.models"
artifact: com.azure.resourcemanager:azure-resourcemanager-containerregistry:2.13.0
