### YamlMime:JavaMember
uid: "com.microsoft.azure.management.containerservice.ConnectionStatus.APPROVED*"
fullName: "com.microsoft.azure.management.containerservice.ConnectionStatus.APPROVED"
name: "APPROVED"
nameWithType: "ConnectionStatus.APPROVED"
members:
- uid: "com.microsoft.azure.management.containerservice.ConnectionStatus.APPROVED"
  fullName: "com.microsoft.azure.management.containerservice.ConnectionStatus.APPROVED"
  name: "APPROVED"
  nameWithType: "ConnectionStatus.APPROVED"
  summary: "Static value Approved for ConnectionStatus."
  syntax: "public static final ConnectionStatus APPROVED"
type: "field"
metadata: {}
package: "com.microsoft.azure.management.containerservice"
artifact: com.microsoft.azure:azure-mgmt-containerservice:1.38.1
