### YamlMime:JavaMember
uid: "com.microsoft.azure.management.digitaltwins.v2020_12_01.PrivateLinkServiceConnectionStatus.APPROVED*"
fullName: "com.microsoft.azure.management.digitaltwins.v2020_12_01.PrivateLinkServiceConnectionStatus.APPROVED"
name: "APPROVED"
nameWithType: "PrivateLinkServiceConnectionStatus.APPROVED"
members:
- uid: "com.microsoft.azure.management.digitaltwins.v2020_12_01.PrivateLinkServiceConnectionStatus.APPROVED"
  fullName: "com.microsoft.azure.management.digitaltwins.v2020_12_01.PrivateLinkServiceConnectionStatus.APPROVED"
  name: "APPROVED"
  nameWithType: "PrivateLinkServiceConnectionStatus.APPROVED"
  summary: "Static value Approved for PrivateLinkServiceConnectionStatus."
  syntax: "public static final PrivateLinkServiceConnectionStatus APPROVED"
type: "field"
metadata: {}
package: "com.microsoft.azure.management.digitaltwins.v2020_12_01"
artifact: com.microsoft.azure.digitaltwins.v2020_12_01:azure-mgmt-digitaltwins:1.0.0
