### YamlMime:JavaMember
uid: "com.azure.resourcemanager.sql.models.PrivateLinkServiceConnectionStateStatus.APPROVED*"
fullName: "com.azure.resourcemanager.sql.models.PrivateLinkServiceConnectionStateStatus.APPROVED"
name: "APPROVED"
nameWithType: "PrivateLinkServiceConnectionStateStatus.APPROVED"
members:
- uid: "com.azure.resourcemanager.sql.models.PrivateLinkServiceConnectionStateStatus.APPROVED"
  fullName: "com.azure.resourcemanager.sql.models.PrivateLinkServiceConnectionStateStatus.APPROVED"
  name: "APPROVED"
  nameWithType: "PrivateLinkServiceConnectionStateStatus.APPROVED"
  summary: "Static value Approved for PrivateLinkServiceConnectionStateStatus."
  syntax: "public static final PrivateLinkServiceConnectionStateStatus APPROVED"
type: "field"
metadata: {}
package: "com.azure.resourcemanager.sql.models"
artifact: com.azure.resourcemanager:azure-resourcemanager-sql:2.1.0
