### YamlMime:JavaMember
uid: "com.microsoft.azure.management.digitaltwins.v2020_12_01.ConnectionPropertiesProvisioningState.APPROVED*"
fullName: "com.microsoft.azure.management.digitaltwins.v2020_12_01.ConnectionPropertiesProvisioningState.APPROVED"
name: "APPROVED"
nameWithType: "ConnectionPropertiesProvisioningState.APPROVED"
members:
- uid: "com.microsoft.azure.management.digitaltwins.v2020_12_01.ConnectionPropertiesProvisioningState.APPROVED"
  fullName: "com.microsoft.azure.management.digitaltwins.v2020_12_01.ConnectionPropertiesProvisioningState.APPROVED"
  name: "APPROVED"
  nameWithType: "ConnectionPropertiesProvisioningState.APPROVED"
  summary: "Static value Approved for ConnectionPropertiesProvisioningState."
  syntax: "public static final ConnectionPropertiesProvisioningState APPROVED"
type: "field"
metadata: {}
package: "com.microsoft.azure.management.digitaltwins.v2020_12_01"
artifact: com.microsoft.azure.digitaltwins.v2020_12_01:azure-mgmt-digitaltwins:1.0.0
