### YamlMime:JavaMember
uid: "com.microsoft.azure.management.cdn.PrivateEndpointStatus.APPROVED*"
fullName: "com.microsoft.azure.management.cdn.PrivateEndpointStatus.APPROVED"
name: "APPROVED"
nameWithType: "PrivateEndpointStatus.APPROVED"
members:
- uid: "com.microsoft.azure.management.cdn.PrivateEndpointStatus.APPROVED"
  fullName: "com.microsoft.azure.management.cdn.PrivateEndpointStatus.APPROVED"
  name: "APPROVED"
  nameWithType: "PrivateEndpointStatus.APPROVED"
  summary: "Static value Approved for PrivateEndpointStatus."
  syntax: "public static final PrivateEndpointStatus APPROVED"
type: "field"
metadata: {}
package: "com.microsoft.azure.management.cdn"
artifact: com.microsoft.azure:azure-mgmt-cdn:1.41.1
