### YamlMime:JavaMember
uid: "com.microsoft.azure.management.storage.PrivateEndpointServiceConnectionStatus.APPROVED*"
fullName: "com.microsoft.azure.management.storage.PrivateEndpointServiceConnectionStatus.APPROVED"
name: "APPROVED"
nameWithType: "PrivateEndpointServiceConnectionStatus.APPROVED"
members:
- uid: "com.microsoft.azure.management.storage.PrivateEndpointServiceConnectionStatus.APPROVED"
  fullName: "com.microsoft.azure.management.storage.PrivateEndpointServiceConnectionStatus.APPROVED"
  name: "APPROVED"
  nameWithType: "PrivateEndpointServiceConnectionStatus.APPROVED"
  summary: "Static value Approved for PrivateEndpointServiceConnectionStatus."
  syntax: "public static final PrivateEndpointServiceConnectionStatus APPROVED"
type: "field"
metadata: {}
package: "com.microsoft.azure.management.storage"
artifact: com.microsoft.azure:azure-mgmt-storage:1.38.1
