### YamlMime:JavaMember
uid: "com.azure.data.tables.models.TableErrorCode.PARTITION_KEY_EQUALITY_COMPARISON_EXPECTED*"
fullName: "com.azure.data.tables.models.TableErrorCode.PARTITION_KEY_EQUALITY_COMPARISON_EXPECTED"
name: "PARTITION_KEY_EQUALITY_COMPARISON_EXPECTED"
nameWithType: "TableErrorCode.PARTITION_KEY_EQUALITY_COMPARISON_EXPECTED"
members:
- uid: "com.azure.data.tables.models.TableErrorCode.PARTITION_KEY_EQUALITY_COMPARISON_EXPECTED"
  fullName: "com.azure.data.tables.models.TableErrorCode.PARTITION_KEY_EQUALITY_COMPARISON_EXPECTED"
  name: "PARTITION_KEY_EQUALITY_COMPARISON_EXPECTED"
  nameWithType: "TableErrorCode.PARTITION_KEY_EQUALITY_COMPARISON_EXPECTED"
  summary: "Static value `PartitionKeyEqualityComparisonExpected`."
  syntax: "public static final TableErrorCode PARTITION_KEY_EQUALITY_COMPARISON_EXPECTED"
type: "field"
metadata: {}
package: "com.azure.data.tables.models"
artifact: com.azure:azure-data-tables:12.2.1
