### YamlMime:JavaMember
uid: "com.azure.resourcemanager.authorization.fluent.models.MicrosoftGraphScheduleChangeState.APPROVED*"
fullName: "com.azure.resourcemanager.authorization.fluent.models.MicrosoftGraphScheduleChangeState.APPROVED"
name: "APPROVED"
nameWithType: "MicrosoftGraphScheduleChangeState.APPROVED"
members:
- uid: "com.azure.resourcemanager.authorization.fluent.models.MicrosoftGraphScheduleChangeState.APPROVED"
  fullName: "com.azure.resourcemanager.authorization.fluent.models.MicrosoftGraphScheduleChangeState.APPROVED"
  name: "APPROVED"
  nameWithType: "MicrosoftGraphScheduleChangeState.APPROVED"
  summary: "Static value approved for MicrosoftGraphScheduleChangeState."
  syntax: "public static final MicrosoftGraphScheduleChangeState APPROVED"
type: "field"
metadata: {}
package: "com.azure.resourcemanager.authorization.fluent.models"
artifact: com.azure.resourcemanager:azure-resourcemanager-authorization:2.3.0
