### YamlMime:JavaMember
uid: "com.microsoft.azure.management.cdn.DomainValidationState.APPROVED*"
fullName: "com.microsoft.azure.management.cdn.DomainValidationState.APPROVED"
name: "APPROVED"
nameWithType: "DomainValidationState.APPROVED"
members:
- uid: "com.microsoft.azure.management.cdn.DomainValidationState.APPROVED"
  fullName: "com.microsoft.azure.management.cdn.DomainValidationState.APPROVED"
  name: "APPROVED"
  nameWithType: "DomainValidationState.APPROVED"
  summary: "Static value Approved for DomainValidationState."
  syntax: "public static final DomainValidationState APPROVED"
type: "field"
metadata: {}
package: "com.microsoft.azure.management.cdn"
artifact: com.microsoft.azure:azure-mgmt-cdn:1.41.1
