### YamlMime:JavaMember
uid: "com.azure.resourcemanager.cdn.models.DomainValidationState.APPROVED*"
fullName: "com.azure.resourcemanager.cdn.models.DomainValidationState.APPROVED"
name: "APPROVED"
nameWithType: "DomainValidationState.APPROVED"
members:
- uid: "com.azure.resourcemanager.cdn.models.DomainValidationState.APPROVED"
  fullName: "com.azure.resourcemanager.cdn.models.DomainValidationState.APPROVED"
  name: "APPROVED"
  nameWithType: "DomainValidationState.APPROVED"
  summary: "Static value Approved for DomainValidationState."
  syntax: "public static final DomainValidationState APPROVED"
type: "field"
metadata: {}
package: "com.azure.resourcemanager.cdn.models"
artifact: com.azure.resourcemanager:azure-resourcemanager-cdn:2.3.0
