### YamlMime:JavaMember
uid: "com.microsoft.azure.management.eventgrid.v2020_04_01_preview.PersistedConnectionStatus.APPROVED*"
fullName: "com.microsoft.azure.management.eventgrid.v2020_04_01_preview.PersistedConnectionStatus.APPROVED"
name: "APPROVED"
nameWithType: "PersistedConnectionStatus.APPROVED"
members:
- uid: "com.microsoft.azure.management.eventgrid.v2020_04_01_preview.PersistedConnectionStatus.APPROVED"
  fullName: "com.microsoft.azure.management.eventgrid.v2020_04_01_preview.PersistedConnectionStatus.APPROVED"
  name: "APPROVED"
  nameWithType: "PersistedConnectionStatus.APPROVED"
  summary: "Static value Approved for PersistedConnectionStatus."
  syntax: "public static final PersistedConnectionStatus APPROVED"
type: "field"
metadata: {}
package: "com.microsoft.azure.management.eventgrid.v2020_04_01_preview"
artifact: com.microsoft.azure.eventgrid.v2020_04_01_preview:azure-mgmt-eventgrid:1.0.0-beta-3
