### YamlMime:JavaMember
uid: "com.microsoft.azure.management.mediaservices.v2020_05_01.PrivateEndpointServiceConnectionStatus.APPROVED*"
fullName: "com.microsoft.azure.management.mediaservices.v2020_05_01.PrivateEndpointServiceConnectionStatus.APPROVED"
name: "APPROVED"
nameWithType: "PrivateEndpointServiceConnectionStatus.APPROVED"
members:
- uid: "com.microsoft.azure.management.mediaservices.v2020_05_01.PrivateEndpointServiceConnectionStatus.APPROVED"
  fullName: "com.microsoft.azure.management.mediaservices.v2020_05_01.PrivateEndpointServiceConnectionStatus.APPROVED"
  name: "APPROVED"
  nameWithType: "PrivateEndpointServiceConnectionStatus.APPROVED"
  summary: "Static value Approved for PrivateEndpointServiceConnectionStatus."
  syntax: "public static final PrivateEndpointServiceConnectionStatus APPROVED"
  desc: "Static value Approved for PrivateEndpointServiceConnectionStatus."
type: "field"
metadata: {}
package: "com.microsoft.azure.management.mediaservices.v2020_05_01"
artifact: com.microsoft.azure.mediaservices.v2020_05_01:azure-mgmt-media:1.0.0-beta
