### YamlMime:JavaMember
uid: "com.azure.resourcemanager.cdn.models.PrivateEndpointStatus.APPROVED*"
fullName: "com.azure.resourcemanager.cdn.models.PrivateEndpointStatus.APPROVED"
name: "APPROVED"
nameWithType: "PrivateEndpointStatus.APPROVED"
members:
- uid: "com.azure.resourcemanager.cdn.models.PrivateEndpointStatus.APPROVED"
  fullName: "com.azure.resourcemanager.cdn.models.PrivateEndpointStatus.APPROVED"
  name: "APPROVED"
  nameWithType: "PrivateEndpointStatus.APPROVED"
  summary: "Static value Approved for PrivateEndpointStatus."
  syntax: "public static final PrivateEndpointStatus APPROVED"
type: "field"
metadata: {}
package: "com.azure.resourcemanager.cdn.models"
artifact: com.azure.resourcemanager:azure-resourcemanager-cdn:2.1.0
